// Jest Snapshot v1, https://goo.gl/fbAQLP

exports[`renders Greetings component correctly 1`] = `
<p>
  Hello, World!
</p>
`;
